Testing Architect Plugin...
Can Handle 'create a plugin': true

Executing Handle...
[MOCK] Notify: Initiating genesis sequence... Analyzing requirements.
[MOCK] Status: Analyzing new feature request...
[MOCK] Status: Architecting solution for: that says hello
node : [ARCHITECT] 
Evolution failed: 
FetchError: request to htt
p://mock-ollama:11434/api/
generate failed, reason: 
getaddrinfo ENOTFOUND 
mock-ollama
At line:1 char:1
+ node 
test_architect_mock.js > 
test_output.txt 2>&1
+ ~~~~~~~~~~~~~~~~~~~~~~~~
~~~~~~~~~~~~~~~~~~~~~~~~~~
    + CategoryInfo        
  :     NotSpecified: 
([ARCHITECT]     
Evo...UND mock-ollama:Str 
   ing) [], 
RemoteException
    + 
FullyQualifiedErrorId :   
  NativeCommandError
 
    at 
ClientRequest.<anonymous> 
(file:///C:/Users/jassi/Do
wnloads/mark%204/ultra-jar
vis/node_modules/node-fetc
h/src/index.js:108:11)
    at ClientRequest.emit 
(node:events:520:35)
    at emitErrorEvent 
(node:_http_client:108:11)
    at Socket.socketErrorL
istener 
(node:_http_client:575:5)
    at Socket.emit 
(node:events:508:28)
    at emitErrorNT (node:i
nternal/streams/destroy:17
0:8)
    at emitErrorCloseNT (n
ode:internal/streams/destr
oy:129:3)
    at process.processTick
sAndRejections (node:inter
nal/process/task_queues:89
:21) {
  type: 'system',
  errno: 'ENOTFOUND',
  code: 'ENOTFOUND',
  erroredSysCall: 
'getaddrinfo'
}
FAILURE: Architect did 
not return success.

Result: {
  success: false,
  message: 'Evolution protocol failed: request to http://mock-ollama:11434/api/generate failed, reason: getaddrinfo ENOTFOUND mock-ollama'
}
